bands lists the slices of spectrum ley knows by name, with the mode and
bandwidth 'ley tune' uses there when --mode and --bw are not given. Outside
every band tune falls back to NFM and says so. Like presets, the table lives
in ley and never reaches the daemon; 'ley help presets' prints it in prose
alongside the presets.

The ALIAS column is what 'ley spectrum --band', 'ley waterfall --band' and
'ley phosphor --band' accept, so you can look at a whole band without working
out its centre and width. Aliases are not accepted where a frequency is: 2m,
20m and 160m already mean 2, 20 and 160 MHz there, and a band name in that
position would quietly redefine them.

usb/lsb means the sideband follows the amateur convention: USB at and above
10 MHz, LSB below (ley help modes).

--json prints an array of {name, min_hz, max_hz, mode, bandwidth_hz, note}:
client-local data with no proto message, so it is not the proto3 JSON mapping.

Usage:
  ley bands [frequency|preset|band] [flags]

Examples:
  ley bands                      # the table
  ley bands 146.52               # what is this, and what will tune do here?
  ley bands 2m                   # the same answer, asked by name
  ley bands --json | jq -r '.[] | .aliases[0]'
  ley spectrum --band noaa       # the whole NOAA weather band

Flags:
  -h, --help   help for bands

Global Flags:
      --ascii           draw with ASCII only (no box, bar or tree glyphs)
      --color string    colour output: auto, always or never (default "auto")
      --json            machine output: proto3 JSON (NDJSON for streams)
      --socket string   daemon socket path (default: user daemon UDS, $LEYLINE_SOCKET)
