bands lists the slices of spectrum ley knows by name, with the mode and
bandwidth 'ley tune' uses there when --mode and --bw are not given. Outside
every band tune falls back to NFM and says so. Like presets, the table lives
in ley and never reaches the daemon; 'ley help presets' prints it in prose
alongside the presets.

The ALIAS column is what 'ley spectrum --band', 'ley waterfall --band' and
'ley phosphor --band' accept, so you can look at a whole band without working
out its centre and width. Aliases are not accepted where a frequency is: 2m,
20m and 160m already mean 2, 20 and 160 MHz there, and a band name in that
position would quietly redefine them.

usb/lsb means the sideband follows the amateur convention: USB at and above
10 MHz, LSB below (ley help modes).

CHANNELS counts the band's plan, the numbered channels its radios print;
'ley bands noaa' lists them, and 'ley tune 16 --band marine' tunes one by
its number ('ley presets' is every plan as one table).

--json prints an array of {name, aliases, min_hz, max_hz, mode, bandwidth_hz,
step_hz, note, parts, channels}: client-local data with no proto message, so
it is not the proto3 JSON mapping. step_hz is the band's channel spacing --
what one arrow key moves the dial by, which is not the bandwidth: airband is
10 kHz wide and spaced 25 kHz. channels, on a band with a plan, is an array
of {name, aliases, hz, mode, bandwidth_hz, note, decoder}, mode and
bandwidth_hz only where they differ from the band's. The Mac app reads the
same array from a checked-in bands.json (make bands-json).

Usage:
  ley bands [frequency|preset|band] [flags]

Examples:
  ley bands                      # the table
  ley bands 146.52               # what is this, and what will tune do here?
  ley bands 2m                   # the same answer, asked by name
  ley bands noaa                 # a band and its plan, WX1 to WX7
  ley bands --json | jq -r '.[] | .aliases[0]'
  ley spectrum --band noaa       # the whole NOAA weather band

Flags:
  -h, --help   help for bands

Global Flags:
      --ascii           draw with ASCII only (no box, bar or tree glyphs)
      --color string    colour output: auto, always or never (default "auto")
      --json            machine output: proto3 JSON (NDJSON for streams)
      --socket string   daemon socket path (default: user daemon UDS, $LEYLINE_SOCKET)
