bookmarks lists the frequencies you asked ley to remember, lowest first,
with the mode and bandwidth to tune each one with. They are your data, not the
daemon's: they live in a small JSON file ($LEYLINE_BOOKMARKS overrides its
path) that the Mac app reads too, so a frequency kept here is in its sidebar
and one kept there is in this list.

'ley bookmarks add' keeps one, 'ley bookmarks move' re-files it at another
frequency, 'ley bookmarks remove' forgets it and 'ley bookmarks import'
reads a CHIRP CSV export in as bookmarks. A bookmark is a name, a
frequency, a mode and a bandwidth, and can carry the tone a repeater
requires, a note and tags (add --tone, --note and --tag). The TONE, NOTE and
TAGS columns appear once a bookmark has one, and --tag lists only the
bookmarks filed under that word. Nothing is tuned, started or measured by
any of the five verbs, and a tone is a record of what the repeater uses:
ley does not gate audio on it.

--json prints an array of {id, name, hz, mode, bandwidth_hz, updated_ns} in
the same order, the fields the file holds: mode is the contract's spelling
(NFM), and bandwidth_hz 0 means the mode's usual width. A record that has
them carries tone (as CHIRP spells it: 100.0, D023N), note, tags, offset_hz
and duplex as well.

Usage:
  ley bookmarks [flags]
  ley bookmarks [command]

Examples:
  ley bookmarks                                      # the table
  ley bookmarks --tag home                           # only those filed under home
  ley bookmarks add 146.94 --name "Local repeater"   # keep one
  ley bookmarks move "Local repeater" 147.0          # same bookmark, new frequency
  ley bookmarks remove "Local repeater"              # forget it
  ley bookmarks import ~/memories.csv                # a CHIRP export, tagged memories
  ley bookmarks --json | jq -r '.[] | "\(.hz) \(.name)"'

Available Commands:
  add         Keep a frequency under a name
  import      Read a CHIRP CSV export in as bookmarks
  move        Re-file a bookmark at another frequency
  remove      Forget a bookmark

Flags:
  -h, --help         help for bookmarks
      --tag string   list only the bookmarks filed under this tag, spelled as add --tag gave it

Global Flags:
      --ascii           draw with ASCII only (no box, bar or tree glyphs)
      --color string    colour output: auto, always or never (default "auto")
      --json            machine output: proto3 JSON (NDJSON for streams)
      --socket string   daemon socket path (default: user daemon UDS, $LEYLINE_SOCKET)

Use "ley bookmarks [command] --help" for more information about a command.
