detach removes a device a client attached -- a radio added with
'ley devices attach', or a file playback device 'ley play --persistent'
left behind -- together with its capture and channels. A remote radio is
forgotten, so the daemon stops re-attaching it at startup. The device can
be given as its id, an unambiguous id prefix, or its row number in
'ley devices'.

A dongle plugged into this machine is found, not attached, so there is
nothing to detach: unplug it, or free it with 'ley stop --all'.

Usage:
  ley devices detach <device> [flags]

Examples:
  ley devices detach dev_01J...   # by id
  ley devices detach 2            # the second row of ley devices

Flags:
  -h, --help   help for detach

Global Flags:
      --ascii           draw with ASCII only (no box, bar or tree glyphs)
      --color string    colour output: auto, always or never (default "auto")
      --json            machine output: proto3 JSON (NDJSON for streams)
      --socket string   daemon socket path (default: user daemon UDS, $LEYLINE_SOCKET)
