Planned, not in this build. Running one of these verbs exits 2 with the
same line as below.

  record   Record a channel or the raw capture to a file (Milestone C.12)
           today: ley play <file> plays back an IQ recording; recording is a daemon job and is not in this build

Decoding is in this build:

  ley decoders             the installed decoder plugins
  ley decode <name>        run one and print what it hears
  ley records              search what kept jobs wrote
  ley track <protocol>     the live entity table
  ley watch <name> ...     filter records, and notify on a match

Still to come there: 'ley label' and 'ley devices-seen', and 'ley
identify'.

The daemon-side relative squelch (mute at 'noise floor + N dB' measured by
the daemon rather than by ley) is the recorded follow-up to auto squelch.
