Machine output: add --json to any command. It prints the proto3 JSON
mapping of the leyline.v1 messages (docs/interfaces.md): lowerCamelCase
keys, 64-bit integers as strings, one object per line for streams (NDJSON).
Anything meant for a person (banners, "using NFM: ...") goes to stderr, so
stdout is always parseable. Documented exceptions to the proto3 rule: bulk
rows have no proto message, so 'ley fft' and 'ley spectrum --json' print
{seq, sample_index, center_hz, span_hz, bins, floor_db} (plus peaks for
spectrum) and 'ley listen' prints {seq, sample_index, sample_rate, format,
pcm} with pcm base64-encoded; fft rows are gap-marked, so a
{"gap":{"from_sample","to_sample"}} line precedes the first row after the
daemon dropped some. 'ley presets --json' and 'ley bands --json' print
arrays of the client-local tables, and 'ley version --json' a client-local
{version, go, os, arch}.

Audio for a tool or an agent: 'ley listen' is 'ley tune' with the samples
on stdout instead of the speakers. It makes a channel when none exists and
removes it on exit, or taps one already running when given a channel id.
--format bin writes the raw PCM frames (mono, little-endian, S16 in this
build; the rate and format are named on stderr).

Exit codes:
  0    ok, including Ctrl-C during a live phase (tune, play, spectrum
       --watch, fft, listen, devices --watch)
  1    the daemon refused or failed; the message keeps the daemon's code in
       brackets, e.g. [DEVICE_BUSY]
  2    usage error: bad flag or argument, unknown verb, setting or preset.
       Nothing was sent to the daemon.
  3    the daemon is not running (from any verb): ley daemon start
  130  interrupted before the live phase began
Error lines read "ley: <what went wrong>. <what to do next>"; a daemon
refusal reads "ley: <message> [CODE]".

Presence: a channel made by ley lives as long as the ley command runs, and
Ctrl-C removes it. --persistent (tune, play) leaves the channel running,
prints the ids of what it made and exits; 'ley state' lists it, 'ley set
--channel <id>' adjusts it, 'ley stop <id>' removes it, and 'ley stop all'
removes every channel on the radio and the capture holding them, so the
radio is free. 'ley devices detach' removes a playback device together
with its channels.

A voice channel squelches by default however the run prints: 'ley tune'
measures the floor under --json and --persistent too and says on stderr
what it chose; '--squelch off' keeps the channel open. 'ley listen' and
'ley play' leave squelch off unless --squelch asks for one.
Pass --mode explicitly rather than relying on band defaults, and give
frequencies with a unit (146.52M) so a bare-number rule change cannot
change the meaning. Ids, prefixes, row numbers and frequencies are all
accepted as selectors; scripts should use full ids.

  ley state --json                          snapshot of everything
  ley tune 146.52M --mode nfm --persistent --json
  ley set squelch -40 --channel chan_01J... --json
  ley fft --freq 101.1M --rate 10 | jq .bins[0]
  ley listen 162.55 --count 10              ten rows of decoded audio
  ley presets --json | jq -r '.[].name'     the client-local tables
