Machine output: add --json to any command. It prints the proto3 JSON
mapping of the leyline.v1 messages (docs/interfaces.md): lowerCamelCase
keys, 64-bit integers as strings, one object per line for streams (NDJSON).
Anything meant for a person (banners, "using NFM: ...") goes to stderr, so
stdout is always parseable. One documented exception to the proto3 rule:
'ley fft' and 'ley spectrum --json' rows are bulk data with no proto
message: {seq, sample_index, center_hz, span_hz, bins}, plus peaks for
spectrum.

Exit codes:
  0    ok, including Ctrl-C during a live phase (tune, play, spectrum
       --watch, fft, devices --watch)
  1    the daemon refused or failed; the message keeps the daemon's code in
       brackets, e.g. [DEVICE_BUSY]
  2    usage error: bad flag or argument, unknown verb, setting or preset.
       Nothing was sent to the daemon.
  3    the daemon is not running (from any verb): ley daemon start
  130  interrupted before the live phase began
Error lines read "ley: <what went wrong>. <what to do next>".

Presence: a channel made by ley lives as long as the ley command runs, and
Ctrl-C removes it. --persistent (tune, play) leaves the channel running,
prints the ids of what it made and exits; 'ley state' lists it, 'ley set
--channel <id>' adjusts it, and 'ley devices detach' removes a playback
device together with its channels.

Defaults meant for people are off for scripts: under --json or
--persistent, squelch defaults to off (pass --squelch auto or a level).
Pass --mode explicitly rather than relying on band defaults, and give
frequencies with a unit (146.52M) so a bare-number rule change cannot
change the meaning. Ids, prefixes, row numbers and frequencies are all
accepted as selectors; scripts should use full ids.

  ley state --json                          snapshot of everything
  ley tune 146.52M --mode nfm --persistent --json
  ley set squelch -40 --channel chan_01J... --json
  ley fft --freq 101.1M --rate 10 | jq .bins[0]
