phosphor draws the band the same way 'ley spectrum' does -- frequency across,
level up -- but each cell is shaded by how often that frequency has sat at
that level, not by where it is right now. Bright means usual. Faint means it
happens, but rarely.

That is what makes it worth having: a signal that transmits for 80 ms every
minute is invisible on a live spectrum and obvious here, because the display
accumulates over time instead of trying to catch the moment. A steady carrier
piles up in one thin line; noise spreads into a band; an intermittent burst
leaves a faint mark exactly where it lives.

Counts fade with a half-life (--half-life), so "usual" means "usual lately"
rather than "at some point since you started". The header says the window.

Use it when you suspect something is on a band but never see it: ISM and
paging bands, telemetry, anything bursty. For reading levels right now use
'ley spectrum', and for when things happened use 'ley waterfall'.

Usage:
  ley phosphor [frequency] [flags]

Examples:
  ley phosphor 910                      # what lives on the 915 ISM band?
  ley phosphor 462.5625 --half-life 60  # a slower fade, for rare traffic
  ley phosphor 144.39 --span 250k       # narrow in on one channel

Flags:
      --band string       show a whole named band instead of a frequency: 2m, fm, airband, noaa (ley bands lists them); the span follows the band unless --span says otherwise
      --bins uint32       frequency bins across the band (the daemon may round it) (default 256)
      --count int         stop after N frames (0 = until Ctrl-C)
      --device string     device: an id, id prefix, list index or frequency (default: the first real radio)
      --half-life float   seconds for a count to fade by half; longer remembers rarer traffic (default 20)
  -h, --help              help for phosphor
      --levels uint32     level buckets the histogram keeps per bin (default 32)
      --rate float        redraws per second (default 2)
      --retune            move the radio to the frequency even when other channels are listening on it (they fall silent)
      --span string       width of the band to show, e.g. 2.4M or 250k (default: the device's own, or the width it is already capturing)
      --width int         chart width in columns (default: the terminal's, or 80 when piped)

Global Flags:
      --ascii           draw with ASCII only (no box, bar or tree glyphs)
      --color string    colour output: auto, always or never (default "auto")
      --json            machine output: proto3 JSON (NDJSON for streams)
      --socket string   daemon socket path (default: user daemon UDS, $LEYLINE_SOCKET)
