scope draws what the demodulator made: one window of samples per frame,
fitted to the signal top to bottom, redrawn where it stands. It is the view
that tells the modes apart -- FM voice through the AM detector is a flat
line with ripple, a carrier in CW is a sine, NFM voice is a voice -- and on
the demod tap it is the only view that shows what rides under the audio.

It takes a frequency, a preset or a channel id the way 'ley listen' does,
making a capture and a channel when none exists and removing what it made on
exit, and it opens no speakers.

--tap audio is what the speakers get, after the high-pass, de-emphasis and
gain control. --tap demod is the detector's own output before any of that: an
NFM trace still carries its CTCSS tone and the DC offset that is the tuning
error, and it keeps drawing while the squelch is closed, which is how you see
what a transmitter sends between words. While the squelch is closed the audio
tap says under the header that it is muted, because a flat trace under a
header that still names a tone reads as a fault. A raw-IQ channel has no
detector, and the daemon refuses the demod tap on one.

--trigger auto starts each frame at a rising zero crossing when the window
repeats steadily, which holds a tone still; free lets the trace run. The
trigger is presentation, the same as a bench scope's.

--scale auto, the default, fits the trace to the signal and holds the fit for
about a second so it does not flicker between syllables; a spike louder than
the rest of that second draws clamped rather than shrinking the picture.
--scale full draws the whole range the tap can carry, so a trace that grows
is a signal that grew, and on the demod tap that range is the channel's own
full deviation, which the header names in hertz; --scale 0.2 pins it. The
gutter names whichever is in force.

The tone in the header is the daemon's measurement. scope never estimates one
itself, so the picture and the claim can disagree, which is the point of
having both.

--json prints one object per frame and no samples:
{seq, sample_index, sample_rate, tap, window_ms, peak_dbfs, rms_dbfs, dc,
scale, tone_hz}. The samples themselves are 'ley listen --format json'.

Usage:
  ley scope <frequency|preset|channel> [flags]

Examples:
  ley scope 146.52                      # what the speaker would hear
  ley scope 145.23 --tap demod          # the PL tone riding under the voice
  ley scope chan_01J... --window 100    # a wider window on a channel already running
  ley scope 145.23 --tap demod --scale full --window 250   # the whole deviation
  ley scope 101.1 --tap demod --count 20 --json

Flags:
      --bw string        how wide a slice of spectrum to listen to: a bare number is kHz (12.5), or 200k, 12500 (default: the mode's usual width)
      --count int        stop after this many frames, e.g. 10 (default: until Ctrl-C)
      --device string    which radio: an id (dev_...), id prefix or row number from 'ley devices', e.g. --device 2 (default: the first)
      --gain string      receiver gain once the radio is tuned: auto, or dB such as 30 (default: leave the radio's setting; ley help gain)
  -h, --help             help for scope
      --mode string      how to decode: nfm (two-way voice), wfm (broadcast), am (airband), usb, lsb, cw, raw; fm or ssb pick by frequency (default: by band; ley help modes)
      --rate float       frames a second (at most 20) (default 20)
      --retune           move the radio even when other channels are listening on it (they fall silent); without it tune refuses and says who is listening
      --scale string     how far from the centre the top of the trace stands: auto (fit the signal), full (±1.0), or a number such as 0.2 (default "auto")
      --squelch string   mute the audio when the signal is weaker than this level: auto (default for voice modes), off, or a level like -40 (dBFS; 0 is the loudest possible)
      --tap string       which stage to draw: audio (what the speakers get) or demod (the detector's output, before the audio chain) (default "audio")
      --trigger string   auto holds a repeating window still; free lets the trace run (default "auto")
      --width int        trace width in columns (default: the terminal's, or 80 when piped)
      --window int       how much of the signal one frame covers, in milliseconds (5..500) (default 40)

Global Flags:
      --ascii           draw with ASCII only (no box, bar or tree glyphs)
      --color string    colour output: auto, always or never (default "auto")
      --json            machine output: proto3 JSON (NDJSON for streams)
      --socket string   daemon socket path (default: user daemon UDS, $LEYLINE_SOCKET)
