spectrum draws the band around a frequency as a bar chart: left to right is
frequency, taller is louder. Under the chart it names the loudest bins and
how far the strongest sits above the noise, so you can read a frequency
straight off. Levels are dBFS (0 is the loudest the radio can hear; the
header prints the noise floor, which depends on gain). Only bins well clear
of the floor are named, so a quiet band names none.

Without a frequency it shows the band the device is already tuned to (what
'ley tune' is listening to). With a frequency it needs the device to be
free, or already tuned to a band that covers it; a capture is created for
the run and removed when spectrum exits. When other channels are listening
on a band that does not cover the frequency, spectrum refuses to move the
radio unless --retune is given.

--span is the width of the band shown, which is the capture's sample rate.
For a fresh capture it is snapped to the nearest rate the radio supports
(spectrum says so on stderr); when the radio is already capturing at a
different width, spectrum exits 2 and names it: drop --span, ask for that
width, or free the radio with 'ley stop all'.

It draws once by default. --watch keeps redrawing (--rate times a second)
until Ctrl-C: the dB scale is held for the run so frames can be compared, a
faint trace marks the loudest each column has been, and a status line says
how many rows have arrived or that the stream has gone quiet. Everything
here comes from the daemon's FFT stream: 'ley fft' prints the same rows as
numbers for tools.

Usage:
  ley spectrum [frequency] [flags]

Examples:
  ley spectrum 101.1          # the FM broadcast band around 101.1 MHz
  ley spectrum                # the band ley tune is listening to
  ley spectrum 146.52 -w      # keep redrawing until Ctrl-C
  ley spectrum 7.1 --span 250k --bins 2048   # 250 kHz is the narrowest an RTL-SDR captures
  ley spectrum 101.1 --json   # one row: {seq, sample_index, center_hz, span_hz, bins, floor_db, peaks}

Flags:
      --band string     show a whole named band instead of a frequency: 2m, fm, airband, noaa (ley bands lists them); the span follows the band unless --span says otherwise
      --bins uint32     number of bins across the band (the daemon may round it) (default 1024)
      --count int       with --watch: stop after N rows (0 = until Ctrl-C)
      --device string   device: an id, id prefix, list index or frequency (default: the first real radio)
  -h, --help            help for spectrum
      --rate float      redraws per second with --watch (default 2)
      --retune          move the radio to the frequency even when other channels are listening on it (they fall silent)
      --span string     width of the band to show, e.g. 2.4M or 250k; this is the capture's sample rate, snapped to the nearest rate the radio supports (default: the device's default rate, or the width it is already capturing)
  -w, --watch           keep redrawing until Ctrl-C
      --width int       chart width in columns (default: the terminal's, or 80 when piped)

Global Flags:
      --ascii           draw with ASCII only (no box, bar or tree glyphs)
      --color string    colour output: auto, always or never (default "auto")
      --json            machine output: proto3 JSON (NDJSON for streams)
      --socket string   daemon socket path (default: user daemon UDS, $LEYLINE_SOCKET)
