version prints the version of this ley binary and the Go toolchain it was
built with. The daemon's own version is in 'ley daemon status'.

A version with a '+' carries the git description of the tree it was built
from; only a build of the tagged commit prints the bare number.

--json prints {"version","go","os","arch"}: a client-local document, not a
proto message.

Usage:
  ley version [flags]

Examples:
  ley version              # ley 0.1.0+3-gd34db33 (go1.27 darwin/arm64)
  ley version --json       # {"version": ..., "go": ..., "os": ..., "arch": ...}

Flags:
  -h, --help   help for version

Global Flags:
      --ascii           draw with ASCII only (no box, bar or tree glyphs)
      --color string    colour output: auto, always or never (default "auto")
      --json            machine output: proto3 JSON (NDJSON for streams)
      --socket string   daemon socket path (default: user daemon UDS, $LEYLINE_SOCKET)
